// Jest Snapshot v1, https://goo.gl/fbAQLP

exports[`<ArticleHeader /> should render heading, excerpt, cover img and meta 1`] = `
.c5 {
  font-size: 1.6rem;
  color: #AAAAAA;
  font-style: italic;
}

.c5 .categories span::after {
  content: ', ';
}

.c5 .categories span:last-child::after {
  content: '';
}

.c5 a {
  color: #dc143c;
  -webkit-text-decoration: none;
  text-decoration: none;
  -webkit-transition: all 300ms ease-in-out;
  transition: all 300ms ease-in-out;
}

.c5 a:hover {
  -webkit-filter: brightness(50%);
  filter: brightness(50%);
}

.c2 {
  color: #000000;
  font-size: 6.4rem;
  text-transform: none;
  line-height: 1.2;
}

.c0 {
  padding-bottom: 2.4rem;
  margin-bottom: 3.2rem;
  border-bottom: 0.1rem solid #DDDDDD;
}

.c0 .c1 {
  margin: 0;
  margin-bottom: 2.4rem;
}

.c3 {
  font-size: 2.4rem;
}

.c4 {
  max-width: 100%;
  display: block;
  margin-bottom: 2.4rem;
}

@media (max-width:768px) {
  .c2 {
    font-size: 4.0rem;
  }
}

<div>
  <header
    class="c0"
  >
    <h1
      class="c1 c2"
    >
      Como utilizar useState e suas vantagens
    </h1>
    <p
      class="c3"
    >
      O Hook de Efeito, useEffect, adiciona a funcionalidade de executar efeitos colaterais através de um componente funcional. 
Assim quando atualizar algum dado na página, os dados que estão ligados a ele também são alterados.
    </p>
    <img
      alt="Como utilizar useState e suas vantagens"
      class="c4"
      src="https://res.cloudinary.com/marlondener/image/upload/v1626378714/react_eb1ec86784.png"
    />
    <div
      class="c5"
    >
      <p>
        <span>
          Por 
        </span>
        <a
          href="/author/marlon-dener"
        >
          Marlon Dener
        </a>
        <span
          class="separator"
        >
           | 
        </span>
        <time
          datetime="2021-01-22"
        >
          21 de jan. de 2021
        </time>
        <span
          class="categories"
        >
          <span>
            <a
              href="/category/react"
            >
              React
            </a>
          </span>
        </span>
      </p>
    </div>
  </header>
</div>
`;
